// Vitest Snapshot v1, https://vitest.dev/guide/snapshot.html

exports[`Diamond shogi > can move 1`] = `
ban:
(1) 
1ab1ac1ad0ak1ah1ae1ad___1ab
___1ag_____________________
1aa1aa1aa1aa1aa1aa1aa1aa1aa
_______________1af_________
___________________________
_________0af_______________
0aa0aa0aa0aa0aa0aa0aa0aa0aa
_____________________0ag___
0ab0ac0ad0ae0ah0ae0ad___0ab
(0) ac1 ae1 
kifu:
☗6六角 [0,[6,6,[],[0,"af"]],[8,8,[0,"af"],[]]]
☖4五桂 [1,[4,5,[],[1,"ac"]],[2,1,[1,"ac"],[]]]
☗同桂 [0,[4,5,[1,"ac"],[0,"ac"]],[2,9,[0,"ac"],[]],[1,0,"ac"]]
☖4四角 [1,[4,4,[],[1,"af"]],[2,2,[1,"af"],[]]]
☗6一桂成 [0,[6,1,[1,"ae"],[0,"ak"]],[4,5,[0,"ac"],[]],[1,0,"ae"]]
{
  "version": "0.0",
  "status": {
    "num": 1
  },
  "ruleid": 62,
  "teban": 1,
  "turn": 0,
  "date": {},
  "moving": null
}
`;
