// Jest Snapshot v1, https://goo.gl/fbAQLP

exports[`Epoxy shogi can move 1`] = `
ban:
(1) 
1ab1ac1ad1ae1ah1ae1ad1ac1ab
___1ag_______________1af___
1aa1aa1aa1aa1aa_________1aa
_______________1aa0af1aa___
__________________1aa______
______0aa__________________
0aa0aa___0aa0aa0aa0aa0aa0aa
_____________________0ag___
0ab0ac0ad0ae0ah0ae0ad0ac0ab
(0) 
kifu:
☗7六歩 [0,[7,6,[],[0,"aa"]],[7,7,[0,"aa"],[]]]
☖3四歩 [1,[3,4,[],[1,"aa"]],[3,3,[1,"aa"],[]]]
☗3三角不成 [0,[3,3,[],[0,"af"]],[8,8,[0,"af"],[]]]
☖3五歩 [1,[3,5,[],[1,"aa"]],[3,4,[1,"aa"],[0,"af"]],[2,3,[1,"aa"],[]],[2,4,[],[1,"aa"]],[3,3,[0,"af"],[]],[4,3,[1,"aa"],[]],[4,4,[],[1,"aa"]]]
{
  "version": "0.0",
  "status": {
    "num": 1
  },
  "ruleid": 106,
  "teban": 0,
  "turn": 0,
  "date": {},
  "moving": null
}
`;
