// Jest Snapshot v1, https://goo.gl/fbAQLP

exports[`Nitezashi shogi can move twice except first move 1`] = `
ban:
(1) ah1 
1ab1ac1ad1ae1ah1ae1ad1ac1ab
___1ag_____________________
1aa1aa1aa1aa1aa1aa___1aa1aa
__________________1aa______
_______________0af_________
______0aa__________________
0aa0aa___0aa0aa0aa0aa0aa0aa
___0ad_______________0ag___
0ab0ac___0ae1af0ae0ad0ac0ab
(0) 
kifu:
☗7六歩 [0,[7,6,[],[0,"aa"]],[7,7,[0,"aa"],[]]]
☖3四歩 [1,[3,4,[],[1,"aa"]],[3,3,[1,"aa"],[]]]
☖8八角成 [2,[8,8,[0,"af"],[1,"am"]],[2,2,[1,"af"],[]],[1,1,"af"]]
☗同銀 [3,[8,8,[1,"am"],[0,"ad"]],[7,9,[0,"ad"],[]],[1,0,"af"]]
☗4五角 [0,[4,5,[],[0,"af"]],[-1,0,"af"]]
☖6八角 [1,[6,8,[],[1,"af"]],[-1,1,"af"]]
☖5九角不成 [2,[5,9,[0,"ah"],[1,"af"]],[6,8,[1,"af"],[]],[1,1,"ah"]]
☗負け "_0"
{
  "version": "0.0",
  "status": {
    "num": 2,
    "message": "先手の 王将 が取られました。"
  },
  "ruleid": 25,
  "teban": 3,
  "turn": 0,
  "date": {},
  "moving": null
}
`;
