// Jest Snapshot v1, https://goo.gl/fbAQLP

exports[`Reflect bishop shogi can go back 1`] = `
ban:
(1) af1 
1ab1ac1ad1ae1ah1ae___1ac1ab
___1ag____________1ad______
1aa1aa1aa1aa1af1aa1aa1aa1aa
___________________________
___________________________
0aa________________________
___0aa0aa0aa0aa0aa0aa0aa0aa
_____________________0ag___
0ab0ac0ad0ae0ah0ae0ad0ac0ab
(0) aa1 
kifu:
☗9六歩 [0,[9,6,[],[0,"aa"]],[9,7,[0,"aa"],[]]]
☖3二銀 [1,[3,2,[],[1,"ad"]],[3,1,[1,"ad"],[]]]
☗5三角成 [0,[5,3,[1,"aa"],[0,"am"]],[8,8,[0,"af"],[]],[1,0,"aa"]]
☖同角 [1,[5,3,[0,"am"],[1,"af"]],[2,2,[1,"af"],[]],[1,1,"af"]]
{
  "version": "0.0",
  "status": {
    "num": 1
  },
  "ruleid": 37,
  "teban": 0,
  "turn": 0,
  "date": {},
  "moving": null
}
`;
