// Vitest Snapshot v1

exports[`Othello shogi > can move 1`] = `
ban:
(1) 
1ab1ac1ad1ae1ah1ae___1ac1ab
___1ag____________1ad1af___
1aa1aa1aa1aa1aa1aa1am1aa1aa
__________________1aa______
___________________________
______0aa__________________
0aa0aa___0aa0aa0aa0aa0aa0aa
_____________________0ag___
0ab0ac0ad0ae0ah0ae0ad0ac0ab
(0) 
kifu:
☗7六歩 [0,[7,6,[],[0,"aa"]],[7,7,[0,"aa"],[]]]
☖3四歩 [1,[3,4,[],[1,"aa"]],[3,3,[1,"aa"],[]]]
☗3三角成 [0,[3,3,[],[0,"am"]],[8,8,[0,"af"],[]]]
☖3二銀 [1,[3,2,[],[1,"ad"]],[3,1,[1,"ad"],[]],[3,3,[0,"am"],[1,"am"]]]
{
  "version": "0.0",
  "status": {
    "num": 1
  },
  "ruleid": 42,
  "teban": 0,
  "turn": 0,
  "date": {},
  "moving": null
}
`;
