// Vitest Snapshot v1, https://vitest.dev/guide/snapshot.html

exports[`Taimen shogi > can chain 1`] = `
ban:
(1) aa1 
1ab1ac1ad1ae1ah1ae1ad___1ab
___1ag_______________0af___
1aa1aa1aa1aa1aa______1aa1aa
_______________1aa1aa______
______0aa__________________
___________________________
0aa1ac___0aa0aa0aa0aa0aa0aa
_____________________0ag___
0ab0ac0ad0ae0ah0ae0ad0ac0ab
(0) af1 
kifu:
☗7六歩 [0,[7,6,[],[0,"aa"]],[7,7,[0,"aa"],[]]]
☖3四歩 [1,[3,4,[],[1,"aa"]],[3,3,[1,"aa"],[]]]
☗2二角不成 [0,[2,2,[1,"af"],[0,"af"]],[8,8,[0,"af"],[]],[1,0,"af"]]
☖4四歩 [1,[4,4,[],[1,"aa"]],[4,3,[1,"aa"],[]]]
☗7五歩 [0,[7,5,[],[0,"aa"]],[7,6,[0,"aa"],[]]]
☖8七桂不成 [1,[8,7,[0,"aa"],[1,"ac"]],[2,1,[1,"ac"],[]],[1,1,"aa"]]
{
  "version": "0.0",
  "status": {
    "num": 1
  },
  "ruleid": 72,
  "teban": 0,
  "turn": 0,
  "date": {},
  "moving": null
}
`;
