// Vitest Snapshot v1

exports[`Haimen shogi > can move 1`] = `
ban:
(1) af1 
1ab1ac1ad1ae1ah1ae1ad1ac1ab
___1ag_______________1aa___
1aa1aa1aa1aa1aa1aa______1aa
__________________1aa______
___________________________
______0aa__________________
0aa0aa___0aa0aa0aa0aa0aa0aa
_____________________0ag___
0ab0ac0ad0ae0ah0ae0ad0ac0ab
(0) af1 
kifu:
☗7六歩 [0,[7,6,[],[0,"aa"]],[7,7,[0,"aa"],[]]]
☖3四歩 [1,[3,4,[],[1,"aa"]],[3,3,[1,"aa"],[]]]
☗2二角成 [0,[2,2,[1,"af"],[0,"am"]],[8,8,[0,"af"],[]],[1,0,"af"]]
☖同歩 [1,[2,2,[0,"am"],[1,"aa"]],[2,3,[1,"aa"],[]],[1,1,"af"]]
{
  "version": "0.0",
  "status": {
    "num": 1
  },
  "ruleid": 74,
  "teban": 0,
  "turn": 0,
  "date": {},
  "moving": null
}
`;
